Archive member included to satisfy reference by file (symbol)

C:/ST/STM32CubeCLT_1.17.0/GNU-tools-for-STM32/bin/../lib/gcc/arm-none-eabi/12.3.1/../../../../arm-none-eabi/lib/thumb/v7e-m+fp/hard\libc_nano.a(libc_a-exit.o)
                              C:/ST/STM32CubeCLT_1.17.0/GNU-tools-for-STM32/bin/../lib/gcc/arm-none-eabi/12.3.1/../../../../arm-none-eabi/lib/thumb/v7e-m+fp/hard/crt0.o (exit)
C:/ST/STM32CubeCLT_1.17.0/GNU-tools-for-STM32/bin/../lib/gcc/arm-none-eabi/12.3.1/../../../../arm-none-eabi/lib/thumb/v7e-m+fp/hard\libc_nano.a(libc_a-findfp.o)
                              C:/ST/STM32CubeCLT_1.17.0/GNU-tools-for-STM32/bin/../lib/gcc/arm-none-eabi/12.3.1/../../../../arm-none-eabi/lib/thumb/v7e-m+fp/hard\libc_nano.a(libc_a-exit.o) (__stdio_exit_handler)
C:/ST/STM32CubeCLT_1.17.0/GNU-tools-for-STM32/bin/../lib/gcc/arm-none-eabi/12.3.1/../../../../arm-none-eabi/lib/thumb/v7e-m+fp/hard\libc_nano.a(libc_a-fwalk.o)
                              C:/ST/STM32CubeCLT_1.17.0/GNU-tools-for-STM32/bin/../lib/gcc/arm-none-eabi/12.3.1/../../../../arm-none-eabi/lib/thumb/v7e-m+fp/hard\libc_nano.a(libc_a-findfp.o) (_fwalk_sglue)
C:/ST/STM32CubeCLT_1.17.0/GNU-tools-for-STM32/bin/../lib/gcc/arm-none-eabi/12.3.1/../../../../arm-none-eabi/lib/thumb/v7e-m+fp/hard\libc_nano.a(libc_a-stdio.o)
                              C:/ST/STM32CubeCLT_1.17.0/GNU-tools-for-STM32/bin/../lib/gcc/arm-none-eabi/12.3.1/../../../../arm-none-eabi/lib/thumb/v7e-m+fp/hard\libc_nano.a(libc_a-findfp.o) (__sread)
C:/ST/STM32CubeCLT_1.17.0/GNU-tools-for-STM32/bin/../lib/gcc/arm-none-eabi/12.3.1/../../../../arm-none-eabi/lib/thumb/v7e-m+fp/hard\libc_nano.a(libc_a-memset.o)
                              C:/ST/STM32CubeCLT_1.17.0/GNU-tools-for-STM32/bin/../lib/gcc/arm-none-eabi/12.3.1/../../../../arm-none-eabi/lib/thumb/v7e-m+fp/hard/crt0.o (memset)
C:/ST/STM32CubeCLT_1.17.0/GNU-tools-for-STM32/bin/../lib/gcc/arm-none-eabi/12.3.1/../../../../arm-none-eabi/lib/thumb/v7e-m+fp/hard\libc_nano.a(libc_a-closer.o)
                              C:/ST/STM32CubeCLT_1.17.0/GNU-tools-for-STM32/bin/../lib/gcc/arm-none-eabi/12.3.1/../../../../arm-none-eabi/lib/thumb/v7e-m+fp/hard\libc_nano.a(libc_a-stdio.o) (_close_r)
C:/ST/STM32CubeCLT_1.17.0/GNU-tools-for-STM32/bin/../lib/gcc/arm-none-eabi/12.3.1/../../../../arm-none-eabi/lib/thumb/v7e-m+fp/hard\libc_nano.a(libc_a-reent.o)
                              C:/ST/STM32CubeCLT_1.17.0/GNU-tools-for-STM32/bin/../lib/gcc/arm-none-eabi/12.3.1/../../../../arm-none-eabi/lib/thumb/v7e-m+fp/hard\libc_nano.a(libc_a-closer.o) (errno)
C:/ST/STM32CubeCLT_1.17.0/GNU-tools-for-STM32/bin/../lib/gcc/arm-none-eabi/12.3.1/../../../../arm-none-eabi/lib/thumb/v7e-m+fp/hard\libc_nano.a(libc_a-impure.o)
                              C:/ST/STM32CubeCLT_1.17.0/GNU-tools-for-STM32/bin/../lib/gcc/arm-none-eabi/12.3.1/../../../../arm-none-eabi/lib/thumb/v7e-m+fp/hard\libc_nano.a(libc_a-reent.o) (_impure_ptr)
C:/ST/STM32CubeCLT_1.17.0/GNU-tools-for-STM32/bin/../lib/gcc/arm-none-eabi/12.3.1/../../../../arm-none-eabi/lib/thumb/v7e-m+fp/hard\libc_nano.a(libc_a-lseekr.o)
                              C:/ST/STM32CubeCLT_1.17.0/GNU-tools-for-STM32/bin/../lib/gcc/arm-none-eabi/12.3.1/../../../../arm-none-eabi/lib/thumb/v7e-m+fp/hard\libc_nano.a(libc_a-stdio.o) (_lseek_r)
C:/ST/STM32CubeCLT_1.17.0/GNU-tools-for-STM32/bin/../lib/gcc/arm-none-eabi/12.3.1/../../../../arm-none-eabi/lib/thumb/v7e-m+fp/hard\libc_nano.a(libc_a-readr.o)
                              C:/ST/STM32CubeCLT_1.17.0/GNU-tools-for-STM32/bin/../lib/gcc/arm-none-eabi/12.3.1/../../../../arm-none-eabi/lib/thumb/v7e-m+fp/hard\libc_nano.a(libc_a-stdio.o) (_read_r)
C:/ST/STM32CubeCLT_1.17.0/GNU-tools-for-STM32/bin/../lib/gcc/arm-none-eabi/12.3.1/../../../../arm-none-eabi/lib/thumb/v7e-m+fp/hard\libc_nano.a(libc_a-writer.o)
                              C:/ST/STM32CubeCLT_1.17.0/GNU-tools-for-STM32/bin/../lib/gcc/arm-none-eabi/12.3.1/../../../../arm-none-eabi/lib/thumb/v7e-m+fp/hard\libc_nano.a(libc_a-stdio.o) (_write_r)
C:/ST/STM32CubeCLT_1.17.0/GNU-tools-for-STM32/bin/../lib/gcc/arm-none-eabi/12.3.1/../../../../arm-none-eabi/lib/thumb/v7e-m+fp/hard\libc_nano.a(libc_a-init.o)
                              C:/ST/STM32CubeCLT_1.17.0/GNU-tools-for-STM32/bin/../lib/gcc/arm-none-eabi/12.3.1/../../../../arm-none-eabi/lib/thumb/v7e-m+fp/hard/crt0.o (__libc_init_array)
C:/ST/STM32CubeCLT_1.17.0/GNU-tools-for-STM32/bin/../lib/gcc/arm-none-eabi/12.3.1/../../../../arm-none-eabi/lib/thumb/v7e-m+fp/hard\libc_nano.a(libc_a-lock.o)
                              C:/ST/STM32CubeCLT_1.17.0/GNU-tools-for-STM32/bin/../lib/gcc/arm-none-eabi/12.3.1/../../../../arm-none-eabi/lib/thumb/v7e-m+fp/hard\libc_nano.a(libc_a-findfp.o) (__retarget_lock_init_recursive)
C:/ST/STM32CubeCLT_1.17.0/GNU-tools-for-STM32/bin/../lib/gcc/arm-none-eabi/12.3.1/../../../../arm-none-eabi/lib/thumb/v7e-m+fp/hard\libc_nano.a(libc_a-freer.o)
[...]
Memory Configuration

Name             Origin             Length             Attributes
RAM              0x20000000         0x00020000         xrw
FLASH            0x08000000         0x00080000         xr
*default*        0x00000000         0xffffffff

Linker script and memory map

LOAD C:/ST/STM32CubeCLT_1.17.0/GNU-tools-for-STM32/bin/../lib/gcc/arm-none-eabi/12.3.1/thumb/v7e-m+fp/hard/crti.o
LOAD C:/ST/STM32CubeCLT_1.17.0/GNU-tools-for-STM32/bin/../lib/gcc/arm-none-eabi/12.3.1/thumb/v7e-m+fp/hard/crtbegin.o
LOAD C:/ST/STM32CubeCLT_1.17.0/GNU-tools-for-STM32/bin/../lib/gcc/arm-none-eabi/12.3.1/../../../../arm-none-eabi/lib/thumb/v7e-m+fp/hard/crt0.o
START GROUP
LOAD C:/ST/STM32CubeCLT_1.17.0/GNU-tools-for-STM32/bin/../lib/gcc/arm-none-eabi/12.3.1/../../../../arm-none-eabi/lib/thumb/v7e-m+fp/hard\libc_nano.a
LOAD C:/ST/STM32CubeCLT_1.17.0/GNU-tools-for-STM32/bin/../lib/gcc/arm-none-eabi/12.3.1/../../../../arm-none-eabi/lib/thumb/v7e-m+fp/hard\libm.a
END GROUP
LOAD CMakeFiles/test.dir/Core/Src/main.c.obj
LOAD CMakeFiles/test.dir/Core/Src/stm32f4xx_it.c.obj
LOAD CMakeFiles/test.dir/Core/Src/stm32f4xx_hal_msp.c.obj
LOAD CMakeFiles/test.dir/Drivers/STM32F4xx_HAL_Driver/Src/stm32f4xx_hal_rcc.c.obj
LOAD CMakeFiles/test.dir/Drivers/STM32F4xx_HAL_Driver/Src/stm32f4xx_hal_rcc_ex.c.obj
LOAD CMakeFiles/test.dir/Drivers/STM32F4xx_HAL_Driver/Src/stm32f4xx_hal_flash.c.obj
LOAD CMakeFiles/test.dir/Drivers/STM32F4xx_HAL_Driver/Src/stm32f4xx_hal_flash_ex.c.obj
LOAD CMakeFiles/test.dir/Drivers/STM32F4xx_HAL_Driver/Src/stm32f4xx_hal_flash_ramfunc.c.obj
LOAD CMakeFiles/test.dir/Drivers/STM32F4xx_HAL_Driver/Src/stm32f4xx_hal_gpio.c.obj
LOAD CMakeFiles/test.dir/Drivers/STM32F4xx_HAL_Driver/Src/stm32f4xx_hal_dma_ex.c.obj
LOAD CMakeFiles/test.dir/Drivers/STM32F4xx_HAL_Driver/Src/stm32f4xx_hal_dma.c.obj
LOAD CMakeFiles/test.dir/Drivers/STM32F4xx_HAL_Driver/Src/stm32f4xx_hal_pwr.c.obj
LOAD CMakeFiles/test.dir/Drivers/STM32F4xx_HAL_Driver/Src/stm32f4xx_hal_pwr_ex.c.obj
LOAD CMakeFiles/test.dir/Drivers/STM32F4xx_HAL_Driver/Src/stm32f4xx_hal_cortex.c.obj
LOAD CMakeFiles/test.dir/Drivers/STM32F4xx_HAL_Driver/Src/stm32f4xx_hal.c.obj
LOAD CMakeFiles/test.dir/Drivers/STM32F4xx_HAL_Driver/Src/stm32f4xx_hal_exti.c.obj
LOAD CMakeFiles/test.dir/Core/Src/system_stm32f4xx.c.obj
LOAD CMakeFiles/test.dir/Core/Src/sysmem.c.obj
LOAD CMakeFiles/test.dir/Core/Src/syscalls.c.obj
LOAD CMakeFiles/test.dir/startup_stm32f446xx.s.obj
START GROUP
LOAD C:/ST/STM32CubeCLT_1.17.0/GNU-tools-for-STM32/bin/../lib/gcc/arm-none-eabi/12.3.1/thumb/v7e-m+fp/hard\libgcc.a
LOAD C:/ST/STM32CubeCLT_1.17.0/GNU-tools-for-STM32/bin/../lib/gcc/arm-none-eabi/12.3.1/../../../../arm-none-eabi/lib/thumb/v7e-m+fp/hard\libg_nano.a
LOAD C:/ST/STM32CubeCLT_1.17.0/GNU-tools-for-STM32/bin/../lib/gcc/arm-none-eabi/12.3.1/../../../../arm-none-eabi/lib/thumb/v7e-m+fp/hard\libc_nano.a
END GROUP
START GROUP
LOAD C:/ST/STM32CubeCLT_1.17.0/GNU-tools-for-STM32/bin/../lib/gcc/arm-none-eabi/12.3.1/thumb/v7e-m+fp/hard\libgcc.a
LOAD C:/ST/STM32CubeCLT_1.17.0/GNU-tools-for-STM32/bin/../lib/gcc/arm-none-eabi/12.3.1/../../../../arm-none-eabi/lib/thumb/v7e-m+fp/hard\libc_nano.a
END GROUP
LOAD C:/ST/STM32CubeCLT_1.17.0/GNU-tools-for-STM32/bin/../lib/gcc/arm-none-eabi/12.3.1/thumb/v7e-m+fp/hard/crtend.o
LOAD C:/ST/STM32CubeCLT_1.17.0/GNU-tools-for-STM32/bin/../lib/gcc/arm-none-eabi/12.3.1/thumb/v7e-m+fp/hard/crtn.o
                0x20020000                        _estack = (ORIGIN (RAM) + LENGTH (RAM))
                0x00000200                        _Min_Heap_Size = 0x200
                0x00000400                        _Min_Stack_Size = 0x400

.isr_vector     0x08000000      0x1c4
                0x08000000                        . = ALIGN (0x4)
 *(.isr_vector)
 .isr_vector    0x08000000      0x1c4 CMakeFiles/test.dir/startup_stm32f446xx.s.obj
                0x08000000                g_pfnVectors
                0x080001c4                        . = ALIGN (0x4)

.text           0x080001c4     0x1720
                0x080001c4                        . = ALIGN (0x4)
 *(.text)
 .text          0x080001c4       0x40 C:/ST/STM32CubeCLT_1.17.0/GNU-tools-for-STM32/bin/../lib/gcc/arm-none-eabi/12.3.1/thumb/v7e-m+fp/hard/crtbegin.o
 .text          0x08000204       0x30 C:/ST/STM32CubeCLT_1.17.0/GNU-tools-for-STM32/bin/../lib/gcc/arm-none-eabi/12.3.1/thumb/v7e-m+fp/hard\libgcc.a(_aeabi_uldivmod.o)
                0x08000204                __aeabi_uldivmod
 .text          0x08000234      0x2bc C:/ST/STM32CubeCLT_1.17.0/GNU-tools-for-STM32/bin/../lib/gcc/arm-none-eabi/12.3.1/thumb/v7e-m+fp/hard\libgcc.a(_udivmoddi4.o)
                0x08000234                __udivmoddi4
 .text          0x080004f0        0x4 C:/ST/STM32CubeCLT_1.17.0/GNU-tools-for-STM32/bin/../lib/gcc/arm-none-eabi/12.3.1/thumb/v7e-m+fp/hard\libgcc.a(_dvmd_tls.o)
                0x080004f0                __aeabi_idiv0
                0x080004f0                __aeabi_ldiv0
 *(.text*)
 .text.memset   0x080004f4       0x10 C:/ST/STM32CubeCLT_1.17.0/GNU-tools-for-STM32/bin/../lib/gcc/arm-none-eabi/12.3.1/../../../../arm-none-eabi/lib/thumb/v7e-m+fp/hard\libc_nano.a(libc_a-memset.o)
                0x080004f4                memset
 .text.__libc_init_array
                0x08000504       0x48 C:/ST/STM32CubeCLT_1.17.0/GNU-tools-for-STM32/bin/../lib/gcc/arm-none-eabi/12.3.1/../../../../arm-none-eabi/lib/thumb/v7e-m+fp/hard\libc_nano.a(libc_a-init.o)
                0x08000504                __libc_init_array
 .text.main     0x0800054c       0x28 CMakeFiles/test.dir/Core/Src/main.c.obj
                0x0800054c                main
 .text.SystemClock_Config
                0x08000574       0xdc CMakeFiles/test.dir/Core/Src/main.c.obj
                0x08000574                SystemClock_Config
 .text.MX_GPIO_Init
                0x08000650       0x64 CMakeFiles/test.dir/Core/Src/main.c.obj
 .text.Error_Handler
                0x080006b4        0xc CMakeFiles/test.dir/Core/Src/main.c.obj
                0x080006b4                Error_Handler
 .text.NMI_Handler
                0x080006c0        0x8 CMakeFiles/test.dir/Core/Src/stm32f4xx_it.c.obj
                0x080006c0                NMI_Handler
 .text.HardFault_Handler
                0x080006c8        0x8 CMakeFiles/test.dir/Core/Src/stm32f4xx_it.c.obj
                0x080006c8                HardFault_Handler
 .text.MemManage_Handler
                0x080006d0        0x8 CMakeFiles/test.dir/Core/Src/stm32f4xx_it.c.obj
                0x080006d0                MemManage_Handler
 .text.BusFault_Handler
                0x080006d8        0x8 CMakeFiles/test.dir/Core/Src/stm32f4xx_it.c.obj
                0x080006d8                BusFault_Handler
 .text.UsageFault_Handler
                0x080006e0        0x8 CMakeFiles/test.dir/Core/Src/stm32f4xx_it.c.obj
                0x080006e0                UsageFault_Handler
 .text.SVC_Handler
                0x080006e8        0xe CMakeFiles/test.dir/Core/Src/stm32f4xx_it.c.obj
                0x080006e8                SVC_Handler
 .text.DebugMon_Handler
                0x080006f6        0xe CMakeFiles/test.dir/Core/Src/stm32f4xx_it.c.obj
                0x080006f6                DebugMon_Handler
 .text.PendSV_Handler
                0x08000704        0xe CMakeFiles/test.dir/Core/Src/stm32f4xx_it.c.obj
                0x08000704                PendSV_Handler
 .text.SysTick_Handler
                0x08000712        0xc CMakeFiles/test.dir/Core/Src/stm32f4xx_it.c.obj
                0x08000712                SysTick_Handler
 *fill*         0x0800071e        0x2 
 .text.HAL_MspInit
                0x08000720       0x50 CMakeFiles/test.dir/Core/Src/stm32f4xx_hal_msp.c.obj
                0x08000720                HAL_MspInit
 .text.HAL_RCC_ClockConfig
                0x08000770      0x1cc CMakeFiles/test.dir/Drivers/STM32F4xx_HAL_Driver/Src/stm32f4xx_hal_rcc.c.obj
                0x08000770                HAL_RCC_ClockConfig
 .text.HAL_RCC_GetSysClockFreq
                0x0800093c      0x354 CMakeFiles/test.dir/Drivers/STM32F4xx_HAL_Driver/Src/stm32f4xx_hal_rcc_ex.c.obj
                0x0800093c                HAL_RCC_GetSysClockFreq
 .text.HAL_RCC_OscConfig
                0x08000c90      0x53c CMakeFiles/test.dir/Drivers/STM32F4xx_HAL_Driver/Src/stm32f4xx_hal_rcc_ex.c.obj
                0x08000c90                HAL_RCC_OscConfig
 .text.HAL_GPIO_Init
                0x080011cc      0x328 CMakeFiles/test.dir/Drivers/STM32F4xx_HAL_Driver/Src/stm32f4xx_hal_gpio.c.obj
                0x080011cc                HAL_GPIO_Init
 .text.HAL_GPIO_WritePin
                0x080014f4       0x32 CMakeFiles/test.dir/Drivers/STM32F4xx_HAL_Driver/Src/stm32f4xx_hal_gpio.c.obj
                0x080014f4                HAL_GPIO_WritePin
 .text.HAL_GPIO_TogglePin
                0x08001526       0x34 CMakeFiles/test.dir/Drivers/STM32F4xx_HAL_Driver/Src/stm32f4xx_hal_gpio.c.obj
                0x08001526                HAL_GPIO_TogglePin
 *fill*         0x0800155a        0x2 
 .text.__NVIC_SetPriorityGrouping
                0x0800155c       0x48 CMakeFiles/test.dir/Drivers/STM32F4xx_HAL_Driver/Src/stm32f4xx_hal_cortex.c.obj
 .text.__NVIC_GetPriorityGrouping
                0x080015a4       0x1c CMakeFiles/test.dir/Drivers/STM32F4xx_HAL_Driver/Src/stm32f4xx_hal_cortex.c.obj
 .text.__NVIC_SetPriority
                0x080015c0       0x54 CMakeFiles/test.dir/Drivers/STM32F4xx_HAL_Driver/Src/stm32f4xx_hal_cortex.c.obj
 .text.NVIC_EncodePriority
                0x08001614       0x66 CMakeFiles/test.dir/Drivers/STM32F4xx_HAL_Driver/Src/stm32f4xx_hal_cortex.c.obj
 *fill*         0x0800167a        0x2 
 .text.SysTick_Config
                0x0800167c       0x44 CMakeFiles/test.dir/Drivers/STM32F4xx_HAL_Driver/Src/stm32f4xx_hal_cortex.c.obj
 .text.HAL_NVIC_SetPriorityGrouping
                0x080016c0       0x16 CMakeFiles/test.dir/Drivers/STM32F4xx_HAL_Driver/Src/stm32f4xx_hal_cortex.c.obj
                0x080016c0                HAL_NVIC_SetPriorityGrouping
 .text.HAL_NVIC_SetPriority
                0x080016d6       0x38 CMakeFiles/test.dir/Drivers/STM32F4xx_HAL_Driver/Src/stm32f4xx_hal_cortex.c.obj
                0x080016d6                HAL_NVIC_SetPriority
 .text.HAL_SYSTICK_Config
                0x0800170e       0x18 CMakeFiles/test.dir/Drivers/STM32F4xx_HAL_Driver/Src/stm32f4xx_hal_cortex.c.obj
                0x0800170e                HAL_SYSTICK_Config
 *fill*         0x08001726        0x2 
 .text.HAL_Init
                0x08001728       0x44 CMakeFiles/test.dir/Drivers/STM32F4xx_HAL_Driver/Src/stm32f4xx_hal.c.obj
                0x08001728                HAL_Init
 .text.HAL_InitTick
                0x0800176c       0x60 CMakeFiles/test.dir/Drivers/STM32F4xx_HAL_Driver/Src/stm32f4xx_hal.c.obj
                0x0800176c                HAL_InitTick
 .text.HAL_IncTick
                0x080017cc       0x28 CMakeFiles/test.dir/Drivers/STM32F4xx_HAL_Driver/Src/stm32f4xx_hal.c.obj
                0x080017cc                HAL_IncTick
 .text.HAL_GetTick
                0x080017f4       0x18 CMakeFiles/test.dir/Drivers/STM32F4xx_HAL_Driver/Src/stm32f4xx_hal.c.obj
                0x080017f4                HAL_GetTick
 .text.HAL_Delay
                0x0800180c       0x48 CMakeFiles/test.dir/Drivers/STM32F4xx_HAL_Driver/Src/stm32f4xx_hal.c.obj
                0x0800180c                HAL_Delay
 .text.SystemInit
                0x08001854       0x24 CMakeFiles/test.dir/Core/Src/system_stm32f4xx.c.obj
                0x08001854                SystemInit
 .text.Reset_Handler
                0x08001878       0x50 CMakeFiles/test.dir/startup_stm32f446xx.s.obj
                0x08001878                Reset_Handler
 .text.Default_Handler
                0x080018c8        0x2 CMakeFiles/test.dir/startup_stm32f446xx.s.obj
                0x080018c8                RTC_Alarm_IRQHandler
                0x080018c8                EXTI2_IRQHandler
                0x080018c8                TIM8_CC_IRQHandler
                0x080018c8                FMPI2C1_EV_IRQHandler
                0x080018c8                SPI4_IRQHandler
                0x080018c8                TIM1_CC_IRQHandler
                0x080018c8                DMA2_Stream5_IRQHandler
                0x080018c8                DMA1_Stream5_IRQHandler
                0x080018c8                PVD_IRQHandler
                0x080018c8                SDIO_IRQHandler
                0x080018c8                TAMP_STAMP_IRQHandler
                0x080018c8                CAN2_RX1_IRQHandler
                0x080018c8                EXTI3_IRQHandler
                0x080018c8                TIM8_TRG_COM_TIM14_IRQHandler
                0x080018c8                TIM1_UP_TIM10_IRQHandler
                0x080018c8                TIM8_UP_TIM13_IRQHandler
                0x080018c8                I2C3_ER_IRQHandler
                0x080018c8                EXTI0_IRQHandler
                0x080018c8                I2C2_EV_IRQHandler
                0x080018c8                DMA1_Stream2_IRQHandler
                0x080018c8                CAN1_RX0_IRQHandler
                0x080018c8                FPU_IRQHandler
                0x080018c8                OTG_HS_WKUP_IRQHandler
                0x080018c8                CAN2_SCE_IRQHandler
                0x080018c8                DMA2_Stream2_IRQHandler
                0x080018c8                SPI1_IRQHandler
                0x080018c8                TIM6_DAC_IRQHandler
                0x080018c8                TIM1_BRK_TIM9_IRQHandler
                0x080018c8                DCMI_IRQHandler
                0x080018c8                CAN2_RX0_IRQHandler
                0x080018c8                DMA2_Stream3_IRQHandler
                0x080018c8                SAI2_IRQHandler
                0x080018c8                USART6_IRQHandler
                0x080018c8                USART3_IRQHandler
                0x080018c8                CAN1_RX1_IRQHandler
                0x080018c8                UART5_IRQHandler
                0x080018c8                DMA2_Stream0_IRQHandler
                0x080018c8                TIM4_IRQHandler
                0x080018c8                QUADSPI_IRQHandler
                0x080018c8                I2C1_EV_IRQHandler
                0x080018c8                DMA1_Stream6_IRQHandler
                0x080018c8                DMA1_Stream1_IRQHandler
                0x080018c8                UART4_IRQHandler
                0x080018c8                TIM3_IRQHandler
                0x080018c8                RCC_IRQHandler
                0x080018c8                TIM8_BRK_TIM12_IRQHandler
                0x080018c8                Default_Handler
                0x080018c8                CEC_IRQHandler
                0x080018c8                EXTI15_10_IRQHandler
                0x080018c8                ADC_IRQHandler
                0x080018c8                DMA1_Stream7_IRQHandler
                0x080018c8                TIM7_IRQHandler
                0x080018c8                CAN2_TX_IRQHandler
                0x080018c8                TIM5_IRQHandler
                0x080018c8                DMA2_Stream7_IRQHandler
                0x080018c8                I2C3_EV_IRQHandler
                0x080018c8                EXTI9_5_IRQHandler
                0x080018c8                RTC_WKUP_IRQHandler
                0x080018c8                SPDIF_RX_IRQHandler
                0x080018c8                SPI2_IRQHandler
                0x080018c8                OTG_HS_EP1_IN_IRQHandler
                0x080018c8                DMA1_Stream0_IRQHandler
                0x080018c8                CAN1_TX_IRQHandler
                0x080018c8                FMPI2C1_ER_IRQHandler
                0x080018c8                EXTI4_IRQHandler
                0x080018c8                OTG_HS_EP1_OUT_IRQHandler
                0x080018c8                WWDG_IRQHandler
                0x080018c8                TIM2_IRQHandler
                0x080018c8                OTG_FS_WKUP_IRQHandler
                0x080018c8                TIM1_TRG_COM_TIM11_IRQHandler
                0x080018c8                OTG_HS_IRQHandler
                0x080018c8                EXTI1_IRQHandler
                0x080018c8                USART2_IRQHandler
                0x080018c8                I2C2_ER_IRQHandler
                0x080018c8                DMA2_Stream1_IRQHandler
                0x080018c8                CAN1_SCE_IRQHandler
                0x080018c8                FLASH_IRQHandler
                0x080018c8                DMA2_Stream4_IRQHandler
                0x080018c8                USART1_IRQHandler
                0x080018c8                OTG_FS_IRQHandler
                0x080018c8                SPI3_IRQHandler
                0x080018c8                DMA1_Stream4_IRQHandler
                0x080018c8                I2C1_ER_IRQHandler
                0x080018c8                FMC_IRQHandler
                0x080018c8                DMA2_Stream6_IRQHandler
                0x080018c8                SAI1_IRQHandler
                0x080018c8                DMA1_Stream3_IRQHandler
 *(.glue_7)
 .glue_7        0x080018ca        0x0 linker stubs
 *(.glue_7t)
 .glue_7t       0x080018ca        0x0 linker stubs
 *(.eh_frame)
 *fill*         0x080018ca        0x2 
 .eh_frame      0x080018cc        0x0 C:/ST/STM32CubeCLT_1.17.0/GNU-tools-for-STM32/bin/../lib/gcc/arm-none-eabi/12.3.1/thumb/v7e-m+fp/hard/crtbegin.o
 *(.init)
 .init          0x080018cc        0x4 C:/ST/STM32CubeCLT_1.17.0/GNU-tools-for-STM32/bin/../lib/gcc/arm-none-eabi/12.3.1/thumb/v7e-m+fp/hard/crti.o
                0x080018cc                _init
 .init          0x080018d0        0x8 C:/ST/STM32CubeCLT_1.17.0/GNU-tools-for-STM32/bin/../lib/gcc/arm-none-eabi/12.3.1/thumb/v7e-m+fp/hard/crtn.o
 *(.fini)
 .fini          0x080018d8        0x4 C:/ST/STM32CubeCLT_1.17.0/GNU-tools-for-STM32/bin/../lib/gcc/arm-none-eabi/12.3.1/thumb/v7e-m+fp/hard/crti.o
                0x080018d8                _fini
 .fini          0x080018dc        0x8 C:/ST/STM32CubeCLT_1.17.0/GNU-tools-for-STM32/bin/../lib/gcc/arm-none-eabi/12.3.1/thumb/v7e-m+fp/hard/crtn.o
                0x080018e4                        . = ALIGN (0x4)
                0x080018e4                        _etext = .

.vfp11_veneer   0x080018e4        0x0
 .vfp11_veneer  0x080018e4        0x0 linker stubs

.v4_bx          0x080018e4        0x0
 .v4_bx         0x080018e4        0x0 linker stubs

.iplt           0x080018e4        0x0
 .iplt          0x080018e4        0x0 C:/ST/STM32CubeCLT_1.17.0/GNU-tools-for-STM32/bin/../lib/gcc/arm-none-eabi/12.3.1/thumb/v7e-m+fp/hard/crtbegin.o

.rodata         0x080018e4       0x10
                0x080018e4                        . = ALIGN (0x4)
 *(.rodata)
 *(.rodata*)
 .rodata.AHBPrescTable
                0x080018e4       0x10 CMakeFiles/test.dir/Core/Src/system_stm32f4xx.c.obj
                0x080018e4                AHBPrescTable
                0x080018f4                        . = ALIGN (0x4)

.ARM.extab
 *(.ARM.extab* .gnu.linkonce.armextab.*)

.ARM            0x080018f4        0x8
                0x080018f4                        __exidx_start = .
 *(.ARM.exidx*)
 .ARM.exidx     0x080018f4        0x8 C:/ST/STM32CubeCLT_1.17.0/GNU-tools-for-STM32/bin/../lib/gcc/arm-none-eabi/12.3.1/thumb/v7e-m+fp/hard\libgcc.a(_udivmoddi4.o)
                0x080018fc                        __exidx_end = .

.rel.dyn        0x080018fc        0x0
 .rel.iplt      0x080018fc        0x0 C:/ST/STM32CubeCLT_1.17.0/GNU-tools-for-STM32/bin/../lib/gcc/arm-none-eabi/12.3.1/thumb/v7e-m+fp/hard/crtbegin.o

.preinit_array  0x080018fc        0x0
                0x080018fc                        PROVIDE (__preinit_array_start = .)
 *(.preinit_array*)
                0x080018fc                        PROVIDE (__preinit_array_end = .)

.init_array     0x080018fc        0x4
                0x080018fc                        PROVIDE (__init_array_start = .)
 *(SORT_BY_NAME(.init_array.*))
 *(.init_array*)
 .init_array    0x080018fc        0x4 C:/ST/STM32CubeCLT_1.17.0/GNU-tools-for-STM32/bin/../lib/gcc/arm-none-eabi/12.3.1/thumb/v7e-m+fp/hard/crtbegin.o
                0x08001900                        PROVIDE (__init_array_end = .)

.fini_array     0x08001900        0x4
                [!provide]                        PROVIDE (__fini_array_start = .)
 *(SORT_BY_NAME(.fini_array.*))
 *(.fini_array*)
 .fini_array    0x08001900        0x4 C:/ST/STM32CubeCLT_1.17.0/GNU-tools-for-STM32/bin/../lib/gcc/arm-none-eabi/12.3.1/thumb/v7e-m+fp/hard/crtbegin.o
                [!provide]                        PROVIDE (__fini_array_end = .)
                0x08001904                        _sidata = LOADADDR (.data)

.data           0x20000000        0xc load address 0x08001904
                0x20000000                        . = ALIGN (0x4)
                0x20000000                        _sdata = .
 *(.data)
 *(.data*)
 .data.uwTickPrio
                0x20000000        0x4 CMakeFiles/test.dir/Drivers/STM32F4xx_HAL_Driver/Src/stm32f4xx_hal.c.obj
                0x20000000                uwTickPrio
 .data.uwTickFreq
                0x20000004        0x1 CMakeFiles/test.dir/Drivers/STM32F4xx_HAL_Driver/Src/stm32f4xx_hal.c.obj
                0x20000004                uwTickFreq
 *fill*         0x20000005        0x3 
 .data.SystemCoreClock
                0x20000008        0x4 CMakeFiles/test.dir/Core/Src/system_stm32f4xx.c.obj
                0x20000008                SystemCoreClock
                0x2000000c                        . = ALIGN (0x4)
                0x2000000c                        _edata = .

.igot.plt       0x2000000c        0x0 load address 0x08001910
 .igot.plt      0x2000000c        0x0 C:/ST/STM32CubeCLT_1.17.0/GNU-tools-for-STM32/bin/../lib/gcc/arm-none-eabi/12.3.1/thumb/v7e-m+fp/hard/crtbegin.o
                0x2000000c                        . = ALIGN (0x4)

.bss            0x2000000c       0x20 load address 0x08001910
                0x2000000c                        _sbss = .
                0x2000000c                        __bss_start__ = _sbss
 *(.bss)
 .bss           0x2000000c       0x1c C:/ST/STM32CubeCLT_1.17.0/GNU-tools-for-STM32/bin/../lib/gcc/arm-none-eabi/12.3.1/thumb/v7e-m+fp/hard/crtbegin.o
 *(.bss*)
 .bss.uwTick    0x20000028        0x4 CMakeFiles/test.dir/Drivers/STM32F4xx_HAL_Driver/Src/stm32f4xx_hal.c.obj
                0x20000028                uwTick
 *(COMMON)
                0x2000002c                        . = ALIGN (0x4)
                0x2000002c                        _ebss = .
                0x2000002c                        __bss_end__ = _ebss

._user_heap_stack
                0x2000002c      0x604 load address 0x08001910
                0x20000030                        . = ALIGN (0x8)
 *fill*         0x2000002c        0x4 
                [!provide]                        PROVIDE (end = .)
                0x20000030                        PROVIDE (_end = .)
                0x20000230                        . = (. + _Min_Heap_Size)
 *fill*         0x20000030      0x200 
                0x20000630                        . = (. + _Min_Stack_Size)
 *fill*         0x20000230      0x400 
                0x20000630                        . = ALIGN (0x8)

/DISCARD/
 libc.a(*)
 libm.a(*)
 libgcc.a(*)
OUTPUT(test.elf elf32-littlearm)
LOAD linker stubs
LOAD C:/ST/STM32CubeCLT_1.17.0/GNU-tools-for-STM32/bin/../lib/gcc/arm-none-eabi/12.3.1/../../../../arm-none-eabi/lib/thumb/v7e-m+fp/hard\libc.a
LOAD C:/ST/STM32CubeCLT_1.17.0/GNU-tools-for-STM32/bin/../lib/gcc/arm-none-eabi/12.3.1/../../../../arm-none-eabi/lib/thumb/v7e-m+fp/hard\libm.a
LOAD C:/ST/STM32CubeCLT_1.17.0/GNU-tools-for-STM32/bin/../lib/gcc/arm-none-eabi/12.3.1/thumb/v7e-m+fp/hard\libgcc.a

.ARM.attributes
                0x00000000       0x30
 .ARM.attributes
                0x00000000       0x22 C:/ST/STM32CubeCLT_1.17.0/GNU-tools-for-STM32/bin/../lib/gcc/arm-none-eabi/12.3.1/thumb/v7e-m+fp/hard/crti.o
 .ARM.attributes
                0x00000022       0x34 C:/ST/STM32CubeCLT_1.17.0/GNU-tools-for-STM32/bin/../lib/gcc/arm-none-eabi/12.3.1/thumb/v7e-m+fp/hard/crtbegin.o
 .ARM.attributes
                0x00000056       0x34 C:/ST/STM32CubeCLT_1.17.0/GNU-tools-for-STM32/bin/../lib/gcc/arm-none-eabi/12.3.1/../../../../arm-none-eabi/lib/thumb/v7e-m+fp/hard\libc_nano.a(libc_a-memset.o)
 .ARM.attributes
                0x0000008a       0x34 C:/ST/STM32CubeCLT_1.17.0/GNU-tools-for-STM32/bin/../lib/gcc/arm-none-eabi/12.3.1/../../../../arm-none-eabi/lib/thumb/v7e-m+fp/hard\libc_nano.a(libc_a-init.o)
 .ARM.attributes
                0x000000be       0x34 CMakeFiles/test.dir/Core/Src/main.c.obj
 .ARM.attributes
                0x000000f2       0x34 CMakeFiles/test.dir/Core/Src/stm32f4xx_it.c.obj
 .ARM.attributes
                0x00000126       0x34 CMakeFiles/test.dir/Core/Src/stm32f4xx_hal_msp.c.obj
 .ARM.attributes
                0x0000015a       0x34 CMakeFiles/test.dir/Drivers/STM32F4xx_HAL_Driver/Src/stm32f4xx_hal_rcc.c.obj
 .ARM.attributes
                0x0000018e       0x34 CMakeFiles/test.dir/Drivers/STM32F4xx_HAL_Driver/Src/stm32f4xx_hal_rcc_ex.c.obj
 .ARM.attributes
                0x000001c2       0x34 CMakeFiles/test.dir/Drivers/STM32F4xx_HAL_Driver/Src/stm32f4xx_hal_gpio.c.obj
 .ARM.attributes
                0x000001f6       0x34 CMakeFiles/test.dir/Drivers/STM32F4xx_HAL_Driver/Src/stm32f4xx_hal_cortex.c.obj
 .ARM.attributes
                0x0000022a       0x34 CMakeFiles/test.dir/Drivers/STM32F4xx_HAL_Driver/Src/stm32f4xx_hal.c.obj
 .ARM.attributes
                0x0000025e       0x34 CMakeFiles/test.dir/Core/Src/system_stm32f4xx.c.obj
 .ARM.attributes
                0x00000292       0x21 CMakeFiles/test.dir/startup_stm32f446xx.s.obj
 .ARM.attributes
                0x000002b3       0x22 C:/ST/STM32CubeCLT_1.17.0/GNU-tools-for-STM32/bin/../lib/gcc/arm-none-eabi/12.3.1/thumb/v7e-m+fp/hard\libgcc.a(_aeabi_uldivmod.o)
 .ARM.attributes
                0x000002d5       0x34 C:/ST/STM32CubeCLT_1.17.0/GNU-tools-for-STM32/bin/../lib/gcc/arm-none-eabi/12.3.1/thumb/v7e-m+fp/hard\libgcc.a(_udivmoddi4.o)
 .ARM.attributes
                0x00000309       0x22 C:/ST/STM32CubeCLT_1.17.0/GNU-tools-for-STM32/bin/../lib/gcc/arm-none-eabi/12.3.1/thumb/v7e-m+fp/hard\libgcc.a(_dvmd_tls.o)
 .ARM.attributes
                0x0000032b       0x22 C:/ST/STM32CubeCLT_1.17.0/GNU-tools-for-STM32/bin/../lib/gcc/arm-none-eabi/12.3.1/thumb/v7e-m+fp/hard/crtn.o

.comment        0x00000000       0x43
 .comment       0x00000000       0x43 CMakeFiles/test.dir/Core/Src/main.c.obj
                                 0x44 (size before relaxing)
 .comment       0x00000043       0x44 CMakeFiles/test.dir/Core/Src/stm32f4xx_it.c.obj
 .comment       0x00000043       0x44 CMakeFiles/test.dir/Core/Src/stm32f4xx_hal_msp.c.obj
 .comment       0x00000043       0x44 CMakeFiles/test.dir/Drivers/STM32F4xx_HAL_Driver/Src/stm32f4xx_hal_rcc.c.obj
 .comment       0x00000043       0x44 CMakeFiles/test.dir/Drivers/STM32F4xx_HAL_Driver/Src/stm32f4xx_hal_rcc_ex.c.obj
 .comment       0x00000043       0x44 CMakeFiles/test.dir/Drivers/STM32F4xx_HAL_Driver/Src/stm32f4xx_hal_gpio.c.obj
 .comment       0x00000043       0x44 CMakeFiles/test.dir/Drivers/STM32F4xx_HAL_Driver/Src/stm32f4xx_hal_cortex.c.obj
 .comment       0x00000043       0x44 CMakeFiles/test.dir/Drivers/STM32F4xx_HAL_Driver/Src/stm32f4xx_hal.c.obj
 .comment       0x00000043       0x44 CMakeFiles/test.dir/Core/Src/system_stm32f4xx.c.obj

.debug_frame    0x00000000     0x1070
 .debug_frame   0x00000000       0x20 C:/ST/STM32CubeCLT_1.17.0/GNU-tools-for-STM32/bin/../lib/gcc/arm-none-eabi/12.3.1/../../../../arm-none-eabi/lib/thumb/v7e-m+fp/hard\libc_nano.a(libc_a-memset.o)
 .debug_frame   0x00000020       0x2c C:/ST/STM32CubeCLT_1.17.0/GNU-tools-for-STM32/bin/../lib/gcc/arm-none-eabi/12.3.1/../../../../arm-none-eabi/lib/thumb/v7e-m+fp/hard\libc_nano.a(libc_a-init.o)
 .debug_frame   0x0000004c       0x8c CMakeFiles/test.dir/Core/Src/main.c.obj
 .debug_frame   0x000000d8      0x104 CMakeFiles/test.dir/Core/Src/stm32f4xx_it.c.obj
 .debug_frame   0x000001dc       0x38 CMakeFiles/test.dir/Core/Src/stm32f4xx_hal_msp.c.obj
 .debug_frame   0x00000214      0x1f4 CMakeFiles/test.dir/Drivers/STM32F4xx_HAL_Driver/Src/stm32f4xx_hal_rcc.c.obj
 .debug_frame   0x00000408      0x1e8 CMakeFiles/test.dir/Drivers/STM32F4xx_HAL_Driver/Src/stm32f4xx_hal_rcc_ex.c.obj
 .debug_frame   0x000005f0      0x14c CMakeFiles/test.dir/Drivers/STM32F4xx_HAL_Driver/Src/stm32f4xx_hal_gpio.c.obj
 .debug_frame   0x0000073c      0x508 CMakeFiles/test.dir/Drivers/STM32F4xx_HAL_Driver/Src/stm32f4xx_hal_cortex.c.obj
 .debug_frame   0x00000c44      0x374 CMakeFiles/test.dir/Drivers/STM32F4xx_HAL_Driver/Src/stm32f4xx_hal.c.obj
 .debug_frame   0x00000fb8       0x58 CMakeFiles/test.dir/Core/Src/system_stm32f4xx.c.obj
 .debug_frame   0x00001010       0x2c C:/ST/STM32CubeCLT_1.17.0/GNU-tools-for-STM32/bin/../lib/gcc/arm-none-eabi/12.3.1/thumb/v7e-m+fp/hard\libgcc.a(_aeabi_uldivmod.o)
 .debug_frame   0x0000103c       0x34 C:/ST/STM32CubeCLT_1.17.0/GNU-tools-for-STM32/bin/../lib/gcc/arm-none-eabi/12.3.1/thumb/v7e-m+fp/hard\libgcc.a(_udivmoddi4.o)

.debug_info     0x00000000     0x4056
 .debug_info    0x00000000      0x6a1 CMakeFiles/test.dir/Core/Src/main.c.obj
 .debug_info    0x000006a1      0x112 CMakeFiles/test.dir/Core/Src/stm32f4xx_it.c.obj
 .debug_info    0x000007b3      0x299 CMakeFiles/test.dir/Core/Src/stm32f4xx_hal_msp.c.obj
 .debug_info    0x00000a4c      0x8eb CMakeFiles/test.dir/Drivers/STM32F4xx_HAL_Driver/Src/stm32f4xx_hal_rcc.c.obj
 .debug_info    0x00001337      0x956 CMakeFiles/test.dir/Drivers/STM32F4xx_HAL_Driver/Src/stm32f4xx_hal_rcc_ex.c.obj
 .debug_info    0x00001c8d      0x70b CMakeFiles/test.dir/Drivers/STM32F4xx_HAL_Driver/Src/stm32f4xx_hal_gpio.c.obj
 .debug_info    0x00002398      0xdaa CMakeFiles/test.dir/Drivers/STM32F4xx_HAL_Driver/Src/stm32f4xx_hal_cortex.c.obj
 .debug_info    0x00003142      0x99a CMakeFiles/test.dir/Drivers/STM32F4xx_HAL_Driver/Src/stm32f4xx_hal.c.obj
 .debug_info    0x00003adc      0x54a CMakeFiles/test.dir/Core/Src/system_stm32f4xx.c.obj
 .debug_info    0x00004026       0x30 CMakeFiles/test.dir/startup_stm32f446xx.s.obj

.debug_abbrev   0x00000000     0x1044
 .debug_abbrev  0x00000000      0x1f5 CMakeFiles/test.dir/Core/Src/main.c.obj
 .debug_abbrev  0x000001f5       0x73 CMakeFiles/test.dir/Core/Src/stm32f4xx_it.c.obj
 .debug_abbrev  0x00000268       0xd8 CMakeFiles/test.dir/Core/Src/stm32f4xx_hal_msp.c.obj
 .debug_abbrev  0x00000340      0x2b7 CMakeFiles/test.dir/Drivers/STM32F4xx_HAL_Driver/Src/stm32f4xx_hal_rcc.c.obj
 .debug_abbrev  0x000005f7      0x20a CMakeFiles/test.dir/Drivers/STM32F4xx_HAL_Driver/Src/stm32f4xx_hal_rcc_ex.c.obj
 .debug_abbrev  0x00000801      0x1d4 CMakeFiles/test.dir/Drivers/STM32F4xx_HAL_Driver/Src/stm32f4xx_hal_gpio.c.obj
 .debug_abbrev  0x000009d5      0x31d CMakeFiles/test.dir/Drivers/STM32F4xx_HAL_Driver/Src/stm32f4xx_hal_cortex.c.obj
 .debug_abbrev  0x00000cf2      0x214 CMakeFiles/test.dir/Drivers/STM32F4xx_HAL_Driver/Src/stm32f4xx_hal.c.obj
 .debug_abbrev  0x00000f06      0x11a CMakeFiles/test.dir/Core/Src/system_stm32f4xx.c.obj
 .debug_abbrev  0x00001020       0x24 CMakeFiles/test.dir/startup_stm32f446xx.s.obj

.debug_aranges  0x00000000      0x480
 .debug_aranges
                0x00000000       0x38 CMakeFiles/test.dir/Core/Src/main.c.obj
 .debug_aranges
                0x00000038       0x60 CMakeFiles/test.dir/Core/Src/stm32f4xx_it.c.obj
 .debug_aranges
                0x00000098       0x20 CMakeFiles/test.dir/Core/Src/stm32f4xx_hal_msp.c.obj
 .debug_aranges
                0x000000b8       0x88 CMakeFiles/test.dir/Drivers/STM32F4xx_HAL_Driver/Src/stm32f4xx_hal_rcc.c.obj
 .debug_aranges
                0x00000140       0x78 CMakeFiles/test.dir/Drivers/STM32F4xx_HAL_Driver/Src/stm32f4xx_hal_rcc_ex.c.obj
 .debug_aranges
                0x000001b8       0x58 CMakeFiles/test.dir/Drivers/STM32F4xx_HAL_Driver/Src/stm32f4xx_hal_gpio.c.obj
 .debug_aranges
                0x00000210      0x130 CMakeFiles/test.dir/Drivers/STM32F4xx_HAL_Driver/Src/stm32f4xx_hal_cortex.c.obj
 .debug_aranges
                0x00000340       0xf0 CMakeFiles/test.dir/Drivers/STM32F4xx_HAL_Driver/Src/stm32f4xx_hal.c.obj
 .debug_aranges
                0x00000430       0x28 CMakeFiles/test.dir/Core/Src/system_stm32f4xx.c.obj
 .debug_aranges
                0x00000458       0x28 CMakeFiles/test.dir/startup_stm32f446xx.s.obj

.debug_rnglists
                0x00000000      0x341
 .debug_rnglists
                0x00000000       0x26 CMakeFiles/test.dir/Core/Src/main.c.obj
 .debug_rnglists
                0x00000026       0x43 CMakeFiles/test.dir/Core/Src/stm32f4xx_it.c.obj
 .debug_rnglists
                0x00000069       0x13 CMakeFiles/test.dir/Core/Src/stm32f4xx_hal_msp.c.obj
 .debug_rnglists
                0x0000007c       0x66 CMakeFiles/test.dir/Drivers/STM32F4xx_HAL_Driver/Src/stm32f4xx_hal_rcc.c.obj
 .debug_rnglists
                0x000000e2       0x5e CMakeFiles/test.dir/Drivers/STM32F4xx_HAL_Driver/Src/stm32f4xx_hal_rcc_ex.c.obj
 .debug_rnglists
                0x00000140       0x3f CMakeFiles/test.dir/Drivers/STM32F4xx_HAL_Driver/Src/stm32f4xx_hal_gpio.c.obj
 .debug_rnglists
                0x0000017f       0xe0 CMakeFiles/test.dir/Drivers/STM32F4xx_HAL_Driver/Src/stm32f4xx_hal_cortex.c.obj
 .debug_rnglists
                0x0000025f       0xaf CMakeFiles/test.dir/Drivers/STM32F4xx_HAL_Driver/Src/stm32f4xx_hal.c.obj
 .debug_rnglists
                0x0000030e       0x1a CMakeFiles/test.dir/Core/Src/system_stm32f4xx.c.obj
 .debug_rnglists
                0x00000328       0x19 CMakeFiles/test.dir/startup_stm32f446xx.s.obj

.debug_macro    0x00000000    0x1fc91
 .debug_macro   0x00000000      0x1ba CMakeFiles/test.dir/Core/Src/main.c.obj
 .debug_macro   0x000001ba      0xab4 CMakeFiles/test.dir/Core/Src/main.c.obj
 .debug_macro   0x00000c6e      0x28f CMakeFiles/test.dir/Core/Src/main.c.obj
 .debug_macro   0x00000efd       0x2e CMakeFiles/test.dir/Core/Src/main.c.obj
 .debug_macro   0x00000f2b       0x28 CMakeFiles/test.dir/Core/Src/main.c.obj
 .debug_macro   0x00000f53       0x22 CMakeFiles/test.dir/Core/Src/main.c.obj
 .debug_macro   0x00000f75       0x8e CMakeFiles/test.dir/Core/Src/main.c.obj
 .debug_macro   0x00001003       0x51 CMakeFiles/test.dir/Core/Src/main.c.obj
 .debug_macro   0x00001054      0x103 CMakeFiles/test.dir/Core/Src/main.c.obj
 .debug_macro   0x00001157       0x6a CMakeFiles/test.dir/Core/Src/main.c.obj
 .debug_macro   0x000011c1      0x1df CMakeFiles/test.dir/Core/Src/main.c.obj
 .debug_macro   0x000013a0       0x1c CMakeFiles/test.dir/Core/Src/main.c.obj
 .debug_macro   0x000013bc       0x22 CMakeFiles/test.dir/Core/Src/main.c.obj
 .debug_macro   0x000013de       0xfb CMakeFiles/test.dir/Core/Src/main.c.obj
 .debug_macro   0x000014d9     0x1011 CMakeFiles/test.dir/Core/Src/main.c.obj
 .debug_macro   0x000024ea      0x11f CMakeFiles/test.dir/Core/Src/main.c.obj
 .debug_macro   0x00002609    0x16749 CMakeFiles/test.dir/Core/Src/main.c.obj
 .debug_macro   0x00018d52       0x6d CMakeFiles/test.dir/Core/Src/main.c.obj
 .debug_macro   0x00018dbf     0x369a CMakeFiles/test.dir/Core/Src/main.c.obj
 .debug_macro   0x0001c459      0x189 CMakeFiles/test.dir/Core/Src/main.c.obj
 .debug_macro   0x0001c5e2       0x5c CMakeFiles/test.dir/Core/Src/main.c.obj
 .debug_macro   0x0001c63e      0xca5 CMakeFiles/test.dir/Core/Src/main.c.obj
 .debug_macro   0x0001d2e3      0x9e9 CMakeFiles/test.dir/Core/Src/main.c.obj
 .debug_macro   0x0001dccc      0x115 CMakeFiles/test.dir/Core/Src/main.c.obj
 .debug_macro   0x0001dde1      0x1a0 CMakeFiles/test.dir/Core/Src/main.c.obj
 .debug_macro   0x0001df81       0xa5 CMakeFiles/test.dir/Core/Src/main.c.obj
 .debug_macro   0x0001e026      0x16d CMakeFiles/test.dir/Core/Src/main.c.obj
 .debug_macro   0x0001e193      0x287 CMakeFiles/test.dir/Core/Src/main.c.obj
 .debug_macro   0x0001e41a       0x5f CMakeFiles/test.dir/Core/Src/main.c.obj
 .debug_macro   0x0001e479      0x236 CMakeFiles/test.dir/Core/Src/main.c.obj
 .debug_macro   0x0001e6af      0x132 CMakeFiles/test.dir/Core/Src/main.c.obj
 .debug_macro   0x0001e7e1      0x29c CMakeFiles/test.dir/Core/Src/main.c.obj
 .debug_macro   0x0001ea7d       0x2e CMakeFiles/test.dir/Core/Src/main.c.obj
 .debug_macro   0x0001eaab      0x127 CMakeFiles/test.dir/Core/Src/main.c.obj
 .debug_macro   0x0001ebd2       0xe8 CMakeFiles/test.dir/Core/Src/main.c.obj
 .debug_macro   0x0001ecba       0x89 CMakeFiles/test.dir/Core/Src/main.c.obj
 .debug_macro   0x0001ed43      0x126 CMakeFiles/test.dir/Core/Src/main.c.obj
 .debug_macro   0x0001ee69      0x1c4 CMakeFiles/test.dir/Core/Src/stm32f4xx_it.c.obj
 .debug_macro   0x0001f02d      0x1ba CMakeFiles/test.dir/Core/Src/stm32f4xx_hal_msp.c.obj
 .debug_macro   0x0001f1e7      0x1d4 CMakeFiles/test.dir/Drivers/STM32F4xx_HAL_Driver/Src/stm32f4xx_hal_rcc.c.obj
 .debug_macro   0x0001f3bb      0x1b0 CMakeFiles/test.dir/Drivers/STM32F4xx_HAL_Driver/Src/stm32f4xx_hal_rcc_ex.c.obj
 .debug_macro   0x0001f56b      0x1b6 CMakeFiles/test.dir/Drivers/STM32F4xx_HAL_Driver/Src/stm32f4xx_hal_gpio.c.obj
 .debug_macro   0x0001f721      0x1b0 CMakeFiles/test.dir/Drivers/STM32F4xx_HAL_Driver/Src/stm32f4xx_hal_cortex.c.obj
 .debug_macro   0x0001f8d1      0x210 CMakeFiles/test.dir/Drivers/STM32F4xx_HAL_Driver/Src/stm32f4xx_hal.c.obj
 .debug_macro   0x0001fae1      0x1b0 CMakeFiles/test.dir/Core/Src/system_stm32f4xx.c.obj

.debug_line     0x00000000     0x6039
 .debug_line    0x00000000      0x776 CMakeFiles/test.dir/Core/Src/main.c.obj
 .debug_line    0x00000776      0x78e CMakeFiles/test.dir/Core/Src/stm32f4xx_it.c.obj
 .debug_line    0x00000f04      0x6cb CMakeFiles/test.dir/Core/Src/stm32f4xx_hal_msp.c.obj
 .debug_line    0x000015cf      0xd4e CMakeFiles/test.dir/Drivers/STM32F4xx_HAL_Driver/Src/stm32f4xx_hal_rcc.c.obj
 .debug_line    0x0000231d     0x13bd CMakeFiles/test.dir/Drivers/STM32F4xx_HAL_Driver/Src/stm32f4xx_hal_rcc_ex.c.obj
 .debug_line    0x000036da      0xb31 CMakeFiles/test.dir/Drivers/STM32F4xx_HAL_Driver/Src/stm32f4xx_hal_gpio.c.obj
 .debug_line    0x0000420b      0xcab CMakeFiles/test.dir/Drivers/STM32F4xx_HAL_Driver/Src/stm32f4xx_hal_cortex.c.obj
 .debug_line    0x00004eb6      0x9b9 CMakeFiles/test.dir/Drivers/STM32F4xx_HAL_Driver/Src/stm32f4xx_hal.c.obj
 .debug_line    0x0000586f      0x750 CMakeFiles/test.dir/Core/Src/system_stm32f4xx.c.obj
 .debug_line    0x00005fbf       0x7a CMakeFiles/test.dir/startup_stm32f446xx.s.obj

.debug_str      0x00000000    0xc208c
 .debug_str     0x00000000    0xc07e2 CMakeFiles/test.dir/Core/Src/main.c.obj
                              0xc0a76 (size before relaxing)
 .debug_str     0x000c07e2       0xf0 CMakeFiles/test.dir/Core/Src/stm32f4xx_it.c.obj
                              0xc072f (size before relaxing)
 .debug_str     0x000c08d2       0x53 CMakeFiles/test.dir/Core/Src/stm32f4xx_hal_msp.c.obj
                              0xc07ce (size before relaxing)
 .debug_str     0x000c0925      0x2e8 CMakeFiles/test.dir/Drivers/STM32F4xx_HAL_Driver/Src/stm32f4xx_hal_rcc.c.obj
                              0xc0cb7 (size before relaxing)
 .debug_str     0x000c0c0d      0x34b CMakeFiles/test.dir/Drivers/STM32F4xx_HAL_Driver/Src/stm32f4xx_hal_rcc_ex.c.obj
                              0xc0cea (size before relaxing)
 .debug_str     0x000c0f58      0x145 CMakeFiles/test.dir/Drivers/STM32F4xx_HAL_Driver/Src/stm32f4xx_hal_gpio.c.obj
                              0xc09f9 (size before relaxing)
 .debug_str     0x000c109d      0x987 CMakeFiles/test.dir/Drivers/STM32F4xx_HAL_Driver/Src/stm32f4xx_hal_cortex.c.obj
                              0xc119a (size before relaxing)
 .debug_str     0x000c1a24      0x59b CMakeFiles/test.dir/Drivers/STM32F4xx_HAL_Driver/Src/stm32f4xx_hal.c.obj
                              0xc1443 (size before relaxing)
 .debug_str     0x000c1fbf       0x71 CMakeFiles/test.dir/Core/Src/system_stm32f4xx.c.obj
                              0xc087e (size before relaxing)
 .debug_str     0x000c2030       0x5c CMakeFiles/test.dir/startup_stm32f446xx.s.obj
                                 0x92 (size before relaxing)

.debug_line_str
                0x00000000       0x76
 .debug_line_str
                0x00000000       0x76 CMakeFiles/test.dir/startup_stm32f446xx.s.obj
